#-----------------------------------------------------------
# Vivado v2022.2 (64-bit)
# SW Build 3671981 on Fri Oct 14 05:00:03 MDT 2022
# IP Build 3669848 on Fri Oct 14 08:30:02 MDT 2022
# Start of session at: Wed May  3 21:13:13 2023
# Process ID: 8084
# Current directory: C:/Users/Garrett/Desktop/Unorganized/School/Spring2023/FinalProject-20230429T220511Z-001/FinalProject/FinalProject.runs/synth_1
# Command line: vivado.exe -log main.vds -product Vivado -mode batch -messageDb vivado.pb -notrace -source main.tcl
# Log file: C:/Users/Garrett/Desktop/Unorganized/School/Spring2023/FinalProject-20230429T220511Z-001/FinalProject/FinalProject.runs/synth_1/main.vds
# Journal file: C:/Users/Garrett/Desktop/Unorganized/School/Spring2023/FinalProject-20230429T220511Z-001/FinalProject/FinalProject.runs/synth_1\vivado.jou
# Running On: Jonesy, OS: Windows, CPU Frequency: 2995 MHz, CPU Physical cores: 24, Host memory: 68413 MB
#-----------------------------------------------------------
source main.tcl -notrace
